May 27 15:28:38 rbourgea kernel: Loaded 129441 symbols from 1 module.
May 27 15:28:38 rbourgea kernel: [    0.000000] Linux version 5.18.0-10037-g7e284070abe5 (root@rbourgea) (gcc (GCC) 11.2.0, GNU ld (GNU Binutils) 2.38) #2 SMP PREEMPT_DYNAMIC Fri May 27 14:57:22 CEST 2022
May 27 15:28:38 rbourgea kernel: [    0.000000] Command line: BOOT_IMAGE=/vmlinuz-5.18.0-next root=/dev/sda1 ro
May 27 15:28:38 rbourgea kernel: [    0.000000] x86/fpu: Supporting XSAVE feature 0x001: 'x87 floating point registers'
May 27 15:28:38 rbourgea kernel: [    0.000000] x86/fpu: Supporting XSAVE feature 0x002: 'SSE registers'
May 27 15:28:38 rbourgea kernel: [    0.000000] x86/fpu: Supporting XSAVE feature 0x004: 'AVX registers'
May 27 15:28:38 rbourgea kernel: [    0.000000] x86/fpu: xstate_offset[2]:  576, xstate_sizes[2]:  256
May 27 15:28:38 rbourgea kernel: [    0.000000] x86/fpu: Enabled xstate features 0x7, context size is 832 bytes, using 'standard' format.
May 27 15:28:38 rbourgea kernel: [    0.000000] signal: max sigframe size: 1776
May 27 15:28:38 rbourgea kernel: [    0.000000] BIOS-provided physical RAM map:
May 27 15:28:38 rbourgea kernel: [    0.000000] BIOS-e820: [mem 0x0000000000000000-0x000000000009fbff] usable
May 27 15:28:38 rbourgea kernel: [    0.000000] BIOS-e820: [mem 0x000000000009fc00-0x000000000009ffff] reserved
May 27 15:28:38 rbourgea kernel: [    0.000000] BIOS-e820: [mem 0x00000000000f0000-0x00000000000fffff] reserved
May 27 15:28:38 rbourgea kernel: [    0.000000] BIOS-e820: [mem 0x0000000000100000-0x00000000dffeffff] usable
May 27 15:28:38 rbourgea kernel: [    0.000000] BIOS-e820: [mem 0x00000000dfff0000-0x00000000dfffffff] ACPI data
May 27 15:28:38 rbourgea kernel: [    0.000000] BIOS-e820: [mem 0x00000000fec00000-0x00000000fec00fff] reserved
May 27 15:28:38 rbourgea kernel: [    0.000000] BIOS-e820: [mem 0x00000000fee00000-0x00000000fee00fff] reserved
May 27 15:28:38 rbourgea kernel: [    0.000000] BIOS-e820: [mem 0x00000000fffc0000-0x00000000ffffffff] reserved
May 27 15:28:38 rbourgea kernel: [    0.000000] BIOS-e820: [mem 0x0000000100000000-0x000000011fffffff] usable
May 27 15:28:38 rbourgea kernel: [    0.000000] NX (Execute Disable) protection: active
May 27 15:28:38 rbourgea kernel: [    0.000000] SMBIOS 2.5 present.
May 27 15:28:38 rbourgea kernel: [    0.000000] DMI: innotek GmbH VirtualBox/VirtualBox, BIOS VirtualBox 12/01/2006
May 27 15:28:38 rbourgea kernel: [    0.000000] Hypervisor detected: KVM
May 27 15:28:38 rbourgea kernel: [    0.000000] kvm-clock: Using msrs 4b564d01 and 4b564d00
May 27 15:28:38 rbourgea kernel: [    0.000002] kvm-clock: using sched offset of 9706165948 cycles
May 27 15:28:38 rbourgea kernel: [    0.000004] clocksource: kvm-clock: mask: 0xffffffffffffffff max_cycles: 0x1cd42e4dffb, max_idle_ns: 881590591483 ns
May 27 15:28:38 rbourgea kernel: [    0.000007] tsc: Detected 2699.998 MHz processor
May 27 15:28:38 rbourgea kernel: [    0.001361] e820: update [mem 0x00000000-0x00000fff] usable ==> reserved
May 27 15:28:38 rbourgea kernel: [    0.001366] e820: remove [mem 0x000a0000-0x000fffff] usable
May 27 15:28:38 rbourgea kernel: [    0.001370] last_pfn = 0x120000 max_arch_pfn = 0x400000000
May 27 15:28:38 rbourgea kernel: [    0.001381] Disabled
May 27 15:28:38 rbourgea kernel: [    0.001382] x86/PAT: MTRRs disabled, skipping PAT initialization too.
May 27 15:28:38 rbourgea kernel: [    0.001384] CPU MTRRs all blank - virtualized system.
May 27 15:28:38 rbourgea kernel: [    0.001387] x86/PAT: Configuration [0-7]: WB  WT  UC- UC  WB  WT  UC- UC  
May 27 15:28:38 rbourgea kernel: [    0.001389] last_pfn = 0xdfff0 max_arch_pfn = 0x400000000
May 27 15:28:38 rbourgea kernel: [    0.001438] found SMP MP-table at [mem 0x0009fff0-0x0009ffff]
May 27 15:28:38 rbourgea kernel: [    0.002975] ACPI: Early table checksum verification disabled
May 27 15:28:38 rbourgea kernel: [    0.002980] ACPI: RSDP 0x00000000000E0000 000024 (v02 VBOX  )
May 27 15:28:38 rbourgea kernel: [    0.002985] ACPI: XSDT 0x00000000DFFF0030 00003C (v01 VBOX   VBOXXSDT 00000001 ASL  00000061)
May 27 15:28:38 rbourgea kernel: [    0.002991] ACPI: FACP 0x00000000DFFF00F0 0000F4 (v04 VBOX   VBOXFACP 00000001 ASL  00000061)
May 27 15:28:38 rbourgea kernel: [    0.002996] ACPI: DSDT 0x00000000DFFF0470 002325 (v02 VBOX   VBOXBIOS 00000002 INTL 20120111)
May 27 15:28:38 rbourgea kernel: [    0.002999] ACPI: FACS 0x00000000DFFF0200 000040
May 27 15:28:38 rbourgea kernel: [    0.003002] ACPI: FACS 0x00000000DFFF0200 000040
May 27 15:28:38 rbourgea kernel: [    0.003004] ACPI: APIC 0x00000000DFFF0240 000054 (v02 VBOX   VBOXAPIC 00000001 ASL  00000061)
May 27 15:28:38 rbourgea kernel: [    0.003007] ACPI: SSDT 0x00000000DFFF02A0 0001CC (v01 VBOX   VBOXCPUT 00000002 INTL 20120111)
May 27 15:28:38 rbourgea kernel: [    0.003009] ACPI: Reserving FACP table memory at [mem 0xdfff00f0-0xdfff01e3]
May 27 15:28:38 rbourgea kernel: [    0.003011] ACPI: Reserving DSDT table memory at [mem 0xdfff0470-0xdfff2794]
May 27 15:28:38 rbourgea kernel: [    0.003012] ACPI: Reserving FACS table memory at [mem 0xdfff0200-0xdfff023f]
May 27 15:28:38 rbourgea kernel: [    0.003012] ACPI: Reserving FACS table memory at [mem 0xdfff0200-0xdfff023f]
May 27 15:28:38 rbourgea kernel: [    0.003013] ACPI: Reserving APIC table memory at [mem 0xdfff0240-0xdfff0293]
May 27 15:28:38 rbourgea kernel: [    0.003014] ACPI: Reserving SSDT table memory at [mem 0xdfff02a0-0xdfff046b]
May 27 15:28:38 rbourgea kernel: [    0.003260] No NUMA configuration found
May 27 15:28:38 rbourgea kernel: [    0.003262] Faking a node at [mem 0x0000000000000000-0x000000011fffffff]
May 27 15:28:38 rbourgea kernel: [    0.003265] NODE_DATA(0) allocated [mem 0x11fff8000-0x11fffbfff]
May 27 15:28:38 rbourgea kernel: [    0.003278] Zone ranges:
May 27 15:28:38 rbourgea kernel: [    0.003279]   DMA      [mem 0x0000000000001000-0x0000000000ffffff]
May 27 15:28:38 rbourgea kernel: [    0.003280]   DMA32    [mem 0x0000000001000000-0x00000000ffffffff]
May 27 15:28:38 rbourgea kernel: [    0.003282]   Normal   [mem 0x0000000100000000-0x000000011fffffff]
May 27 15:28:38 rbourgea kernel: [    0.003283] Movable zone start for each node
May 27 15:28:38 rbourgea kernel: [    0.003283] Early memory node ranges
May 27 15:28:38 rbourgea kernel: [    0.003284]   node   0: [mem 0x0000000000001000-0x000000000009efff]
May 27 15:28:38 rbourgea kernel: [    0.003285]   node   0: [mem 0x0000000000100000-0x00000000dffeffff]
May 27 15:28:38 rbourgea kernel: [    0.003286]   node   0: [mem 0x0000000100000000-0x000000011fffffff]
May 27 15:28:38 rbourgea kernel: [    0.003288] Initmem setup node 0 [mem 0x0000000000001000-0x000000011fffffff]
May 27 15:28:38 rbourgea kernel: [    0.004810] On node 0, zone DMA: 1 pages in unavailable ranges
May 27 15:28:38 rbourgea kernel: [    0.004843] On node 0, zone DMA: 97 pages in unavailable ranges
May 27 15:28:38 rbourgea kernel: [    0.058061] On node 0, zone Normal: 16 pages in unavailable ranges
May 27 15:28:38 rbourgea kernel: [    0.058735] ACPI: PM-Timer IO Port: 0x4008
May 27 15:28:38 rbourgea kernel: [    0.058793] IOAPIC[0]: apic_id 1, version 32, address 0xfec00000, GSI 0-23
May 27 15:28:38 rbourgea kernel: [    0.058798] ACPI: INT_SRC_OVR (bus 0 bus_irq 0 global_irq 2 dfl dfl)
May 27 15:28:38 rbourgea kernel: [    0.058800] ACPI: INT_SRC_OVR (bus 0 bus_irq 9 global_irq 9 low level)
May 27 15:28:38 rbourgea kernel: [    0.058804] ACPI: Using ACPI (MADT) for SMP configuration information
May 27 15:28:38 rbourgea kernel: [    0.058811] smpboot: Allowing 1 CPUs, 0 hotplug CPUs
May 27 15:28:38 rbourgea kernel: [    0.058832] PM: hibernation: Registered nosave memory: [mem 0x00000000-0x00000fff]
May 27 15:28:38 rbourgea kernel: [    0.058834] PM: hibernation: Registered nosave memory: [mem 0x0009f000-0x0009ffff]
May 27 15:28:38 rbourgea kernel: [    0.058835] PM: hibernation: Registered nosave memory: [mem 0x000a0000-0x000effff]
May 27 15:28:38 rbourgea kernel: [    0.058836] PM: hibernation: Registered nosave memory: [mem 0x000f0000-0x000fffff]
May 27 15:28:38 rbourgea kernel: [    0.058837] PM: hibernation: Registered nosave memory: [mem 0xdfff0000-0xdfffffff]
May 27 15:28:38 rbourgea kernel: [    0.058838] PM: hibernation: Registered nosave memory: [mem 0xe0000000-0xfebfffff]
May 27 15:28:38 rbourgea kernel: [    0.058838] PM: hibernation: Registered nosave memory: [mem 0xfec00000-0xfec00fff]
May 27 15:28:38 rbourgea kernel: [    0.058839] PM: hibernation: Registered nosave memory: [mem 0xfec01000-0xfedfffff]
May 27 15:28:38 rbourgea kernel: [    0.058839] PM: hibernation: Registered nosave memory: [mem 0xfee00000-0xfee00fff]
May 27 15:28:38 rbourgea kernel: [    0.058840] PM: hibernation: Registered nosave memory: [mem 0xfee01000-0xfffbffff]
May 27 15:28:38 rbourgea kernel: [    0.058840] PM: hibernation: Registered nosave memory: [mem 0xfffc0000-0xffffffff]
May 27 15:28:38 rbourgea kernel: [    0.058841] [mem 0xe0000000-0xfebfffff] available for PCI devices
May 27 15:28:38 rbourgea kernel: [    0.058843] Booting paravirtualized kernel on KVM
May 27 15:28:38 rbourgea kernel: [    0.058845] clocksource: refined-jiffies: mask: 0xffffffff max_cycles: 0xffffffff, max_idle_ns: 1910969940391419 ns
May 27 15:28:38 rbourgea kernel: [    0.063828] setup_percpu: NR_CPUS:64 nr_cpumask_bits:64 nr_cpu_ids:1 nr_node_ids:1
May 27 15:28:38 rbourgea kernel: [    0.065310] percpu: Embedded 52 pages/cpu s176040 r8192 d28760 u2097152
May 27 15:28:38 rbourgea kernel: [    0.065316] pcpu-alloc: s176040 r8192 d28760 u2097152 alloc=1*2097152
May 27 15:28:38 rbourgea kernel: [    0.065319] pcpu-alloc: [0] 0 
May 27 15:28:38 rbourgea kernel: [    0.065337] Fallback order for Node 0: 0 
May 27 15:28:38 rbourgea kernel: [    0.065339] Built 1 zonelists, mobility grouping on.  Total pages: 1031920
May 27 15:28:38 rbourgea kernel: [    0.065341] Policy zone: Normal
May 27 15:28:38 rbourgea kernel: [    0.065342] Kernel command line: BOOT_IMAGE=/vmlinuz-5.18.0-next root=/dev/sda1 ro
May 27 15:28:38 rbourgea kernel: [    0.065367] Unknown kernel command line parameters "BOOT_IMAGE=/vmlinuz-5.18.0-next", will be passed to user space.
May 27 15:28:38 rbourgea kernel: [    0.068157] Dentry cache hash table entries: 524288 (order: 10, 4194304 bytes, linear)
May 27 15:28:38 rbourgea kernel: [    0.069620] Inode-cache hash table entries: 262144 (order: 9, 2097152 bytes, linear)
May 27 15:28:38 rbourgea kernel: [    0.069653] mem auto-init: stack:off, heap alloc:off, heap free:off
May 27 15:28:38 rbourgea kernel: [    0.133176] Memory: 4019800K/4193848K available (16396K kernel code, 2654K rwdata, 5168K rodata, 1276K init, 1208K bss, 173788K reserved, 0K cma-reserved)
May 27 15:28:38 rbourgea kernel: [    0.133209] SLUB: HWalign=64, Order=0-3, MinObjects=0, CPUs=1, Nodes=1
May 27 15:28:38 rbourgea kernel: [    0.133217] Kernel/User page tables isolation: enabled
May 27 15:28:38 rbourgea kernel: [    0.134142] Dynamic Preempt: voluntary
May 27 15:28:38 rbourgea kernel: [    0.135463] rcu: Preemptible hierarchical RCU implementation.
May 27 15:28:38 rbourgea kernel: [    0.135465] rcu: ^IRCU event tracing is enabled.
May 27 15:28:38 rbourgea kernel: [    0.135465] rcu: ^IRCU restricting CPUs from NR_CPUS=64 to nr_cpu_ids=1.
May 27 15:28:38 rbourgea kernel: [    0.135467] ^ITrampoline variant of Tasks RCU enabled.
May 27 15:28:38 rbourgea kernel: [    0.135468] rcu: RCU calculated value of scheduler-enlistment delay is 100 jiffies.
May 27 15:28:38 rbourgea kernel: [    0.135469] rcu: Adjusting geometry for rcu_fanout_leaf=16, nr_cpu_ids=1
May 27 15:28:38 rbourgea kernel: [    0.136541] NR_IRQS: 4352, nr_irqs: 256, preallocated irqs: 16
May 27 15:28:38 rbourgea kernel: [    0.136706] rcu: srcu_init: Setting srcu_struct sizes based on contention.
May 27 15:28:38 rbourgea kernel: [    0.142135] Console: colour VGA+ 80x25
May 27 15:28:38 rbourgea kernel: [    0.173093] printk: console [tty0] enabled
May 27 15:28:38 rbourgea kernel: [    0.173317] ACPI: Core revision 20220331
May 27 15:28:38 rbourgea kernel: [    0.173667] APIC: Switch to symmetric I/O mode setup
May 27 15:28:38 rbourgea kernel: [    0.174935] ..TIMER: vector=0x30 apic1=0 pin1=2 apic2=-1 pin2=-1
May 27 15:28:38 rbourgea kernel: [    0.175250] clocksource: tsc-early: mask: 0xffffffffffffffff max_cycles: 0x26eb3cc21a9, max_idle_ns: 440795299783 ns
May 27 15:28:38 rbourgea kernel: [    0.175804] Calibrating delay loop (skipped) preset value.. 5399.99 BogoMIPS (lpj=2699998)
May 27 15:28:38 rbourgea kernel: [    0.176277] pid_max: default: 32768 minimum: 301
May 27 15:28:38 rbourgea kernel: [    0.176591] LSM: Security Framework initializing
May 27 15:28:38 rbourgea kernel: [    0.176799] SELinux:  Initializing.
May 27 15:28:38 rbourgea kernel: [    0.176799] Mount-cache hash table entries: 8192 (order: 4, 65536 bytes, linear)
May 27 15:28:38 rbourgea kernel: [    0.176799] Mountpoint-cache hash table entries: 8192 (order: 4, 65536 bytes, linear)
May 27 15:28:38 rbourgea kernel: [    0.178272] process: using mwait in idle threads
May 27 15:28:38 rbourgea kernel: [    0.178514] Last level iTLB entries: 4KB 64, 2MB 8, 4MB 8
May 27 15:28:38 rbourgea kernel: [    0.178743] Last level dTLB entries: 4KB 64, 2MB 0, 4MB 0, 1GB 4
May 27 15:28:38 rbourgea kernel: [    0.178799] Spectre V1 : Mitigation: usercopy/swapgs barriers and __user pointer sanitization
May 27 15:28:38 rbourgea kernel: [    0.178799] Spectre V2 : Mitigation: Retpolines
May 27 15:28:38 rbourgea kernel: [    0.178799] Spectre V2 : Spectre v2 / SpectreRSB mitigation: Filling RSB on context switch
May 27 15:28:38 rbourgea kernel: [    0.178806] Speculative Store Bypass: Vulnerable
May 27 15:28:38 rbourgea kernel: [    0.179018] SRBDS: Unknown: Dependent on hypervisor status
May 27 15:28:38 rbourgea kernel: [    0.179245] MDS: Mitigation: Clear CPU buffers
May 27 15:28:38 rbourgea kernel: [    0.188396] Freeing SMP alternatives memory: 44K
May 27 15:28:38 rbourgea kernel: [    0.293716] smpboot: CPU0: Intel(R) Core(TM) i5-5257U CPU @ 2.70GHz (family: 0x6, model: 0x3d, stepping: 0x4)
May 27 15:28:38 rbourgea kernel: [    0.293799] cblist_init_generic: Setting adjustable number of callback queues.
May 27 15:28:38 rbourgea kernel: [    0.293799] cblist_init_generic: Setting shift to 0 and lim to 1.
May 27 15:28:38 rbourgea kernel: [    0.293799] Performance Events: unsupported p6 CPU model 61 no PMU driver, software events only.
May 27 15:28:38 rbourgea kernel: [    0.293799] rcu: Hierarchical SRCU implementation.
May 27 15:28:38 rbourgea kernel: [    0.293799] printk: console [tty0] printing thread started
May 27 15:28:38 rbourgea kernel: [    0.293799] smp: Bringing up secondary CPUs ...
May 27 15:28:38 rbourgea kernel: [    0.293799] smp: Brought up 1 node, 1 CPU
May 27 15:28:38 rbourgea kernel: [    0.293799] smpboot: Max logical packages: 1
May 27 15:28:38 rbourgea kernel: [    0.293799] smpboot: Total of 1 processors activated (5399.99 BogoMIPS)
May 27 15:28:38 rbourgea kernel: [    0.293799] devtmpfs: initialized
May 27 15:28:38 rbourgea kernel: [    0.293799] clocksource: jiffies: mask: 0xffffffff max_cycles: 0xffffffff, max_idle_ns: 1911260446275000 ns
May 27 15:28:38 rbourgea kernel: [    0.293799] futex hash table entries: 256 (order: 2, 16384 bytes, linear)
May 27 15:28:38 rbourgea kernel: [    0.296802] PM: RTC time: 13:28:34, date: 2022-05-27
May 27 15:28:38 rbourgea kernel: [    0.298037] NET: Registered PF_NETLINK/PF_ROUTE protocol family
May 27 15:28:38 rbourgea kernel: [    0.298110] audit: initializing netlink subsys (disabled)
May 27 15:28:38 rbourgea kernel: [    0.298799] thermal_sys: Registered thermal governor 'step_wise'
May 27 15:28:38 rbourgea kernel: [    0.298799] thermal_sys: Registered thermal governor 'user_space'
May 27 15:28:38 rbourgea kernel: [    0.298799] cpuidle: using governor menu
May 27 15:28:38 rbourgea kernel: [    0.298843] PCI: Using configuration type 1 for base access
May 27 15:28:38 rbourgea kernel: [    0.301142] kprobes: kprobe jump-optimization is enabled. All kprobes are optimized if possible.
May 27 15:28:38 rbourgea kernel: [    0.301174] audit: type=2000 audit(1653658125.438:1): state=initialized audit_enabled=0 res=1
May 27 15:28:38 rbourgea kernel: [    0.301238] HugeTLB: can optimize 7 vmemmap pages for hugepages-2048kB
May 27 15:28:38 rbourgea kernel: [    0.301241] HugeTLB registered 2.00 MiB page size, pre-allocated 0 pages
May 27 15:28:38 rbourgea kernel: [    0.301340] ACPI: Added _OSI(Module Device)
May 27 15:28:38 rbourgea kernel: [    0.301341] ACPI: Added _OSI(Processor Device)
May 27 15:28:38 rbourgea kernel: [    0.301341] ACPI: Added _OSI(3.0 _SCP Extensions)
May 27 15:28:38 rbourgea kernel: [    0.301342] ACPI: Added _OSI(Processor Aggregator Device)
May 27 15:28:38 rbourgea kernel: [    0.301343] ACPI: Added _OSI(Linux-Dell-Video)
May 27 15:28:38 rbourgea kernel: [    0.301343] ACPI: Added _OSI(Linux-Lenovo-NV-HDMI-Audio)
May 27 15:28:38 rbourgea kernel: [    0.301344] ACPI: Added _OSI(Linux-HPI-Hybrid-Graphics)
May 27 15:28:38 rbourgea kernel: [    0.303113] ACPI: 2 ACPI AML tables successfully acquired and loaded
May 27 15:28:38 rbourgea kernel: [    0.309869] ACPI: Interpreter enabled
May 27 15:28:38 rbourgea kernel: [    0.309879] ACPI: PM: (supports S0 S5)
May 27 15:28:38 rbourgea kernel: [    0.309880] ACPI: Using IOAPIC for interrupt routing
May 27 15:28:38 rbourgea kernel: [    0.310004] PCI: Using host bridge windows from ACPI; if necessary, use "pci=nocrs" and report a bug
May 27 15:28:38 rbourgea kernel: [    0.310115] ACPI: Enabled 2 GPEs in block 00 to 07
May 27 15:28:38 rbourgea kernel: [    0.318072] ACPI: PCI Root Bridge [PCI0] (domain 0000 [bus 00-ff])
May 27 15:28:38 rbourgea kernel: [    0.318082] acpi PNP0A03:00: _OSC: OS supports [ASPM ClockPM Segments MSI HPX-Type3]
May 27 15:28:38 rbourgea kernel: [    0.318084] acpi PNP0A03:00: _OSC: not requesting OS control; OS requires [ExtendedConfig ASPM ClockPM MSI]
May 27 15:28:38 rbourgea kernel: [    0.318341] acpi PNP0A03:00: fail to add MMCONFIG information, can't access extended PCI configuration space under this bridge.
May 27 15:28:38 rbourgea kernel: [    0.318503] PCI host bridge to bus 0000:00
May 27 15:28:38 rbourgea kernel: [    0.318506] pci_bus 0000:00: root bus resource [io  0x0000-0x0cf7 window]
May 27 15:28:38 rbourgea kernel: [    0.318508] pci_bus 0000:00: root bus resource [io  0x0d00-0xffff window]
May 27 15:28:38 rbourgea kernel: [    0.318509] pci_bus 0000:00: root bus resource [mem 0x000a0000-0x000bffff window]
May 27 15:28:38 rbourgea kernel: [    0.318510] pci_bus 0000:00: root bus resource [mem 0xe0000000-0xfdffffff window]
May 27 15:28:38 rbourgea kernel: [    0.318511] pci_bus 0000:00: root bus resource [bus 00-ff]
May 27 15:28:38 rbourgea kernel: [    0.319809] pci 0000:00:00.0: [8086:1237] type 00 class 0x060000
May 27 15:28:38 rbourgea kernel: [    0.323539] pci 0000:00:01.0: [8086:7000] type 00 class 0x060100
May 27 15:28:38 rbourgea kernel: [    0.325570] pci 0000:00:01.1: [8086:7111] type 00 class 0x01018a
May 27 15:28:38 rbourgea kernel: [    0.328165] pci 0000:00:01.1: reg 0x20: [io  0xd000-0xd00f]
May 27 15:28:38 rbourgea kernel: [    0.328505] pci 0000:00:01.1: legacy IDE quirk: reg 0x10: [io  0x01f0-0x01f7]
May 27 15:28:38 rbourgea kernel: [    0.328507] pci 0000:00:01.1: legacy IDE quirk: reg 0x14: [io  0x03f6]
May 27 15:28:38 rbourgea kernel: [    0.328508] pci 0000:00:01.1: legacy IDE quirk: reg 0x18: [io  0x0170-0x0177]
May 27 15:28:38 rbourgea kernel: [    0.328509] pci 0000:00:01.1: legacy IDE quirk: reg 0x1c: [io  0x0376]
May 27 15:28:38 rbourgea kernel: [    0.331002] pci 0000:00:02.0: [15ad:0405] type 00 class 0x030000
May 27 15:28:38 rbourgea kernel: [    0.334039] pci 0000:00:02.0: reg 0x10: [io  0xd010-0xd01f]
May 27 15:28:38 rbourgea kernel: [    0.338094] pci 0000:00:02.0: reg 0x14: [mem 0xe0000000-0xe0ffffff pref]
May 27 15:28:38 rbourgea kernel: [    0.342834] pci 0000:00:02.0: reg 0x18: [mem 0xf0000000-0xf01fffff]
May 27 15:28:38 rbourgea kernel: [    0.356846] pci 0000:00:02.0: Video device with shadowed ROM at [mem 0x000c0000-0x000dffff]
May 27 15:28:38 rbourgea kernel: [    0.360848] pci 0000:00:03.0: [8086:100e] type 00 class 0x020000
May 27 15:28:38 rbourgea kernel: [    0.362888] pci 0000:00:03.0: reg 0x10: [mem 0xf0200000-0xf021ffff]
May 27 15:28:38 rbourgea kernel: [    0.373855] pci 0000:00:03.0: reg 0x18: [io  0xd020-0xd027]
May 27 15:28:38 rbourgea kernel: [    0.390465] pci 0000:00:04.0: [80ee:cafe] type 00 class 0x088000
May 27 15:28:38 rbourgea kernel: [    0.391937] pci 0000:00:04.0: reg 0x10: [io  0xd040-0xd05f]
May 27 15:28:38 rbourgea kernel: [    0.397824] pci 0000:00:04.0: reg 0x14: [mem 0xf0400000-0xf07fffff]
May 27 15:28:38 rbourgea kernel: [    0.404823] pci 0000:00:04.0: reg 0x18: [mem 0xf0800000-0xf0803fff pref]
May 27 15:28:38 rbourgea kernel: [    0.435806] pci 0000:00:05.0: [8086:2415] type 00 class 0x040100
May 27 15:28:38 rbourgea kernel: [    0.438864] pci 0000:00:05.0: reg 0x10: [io  0xd100-0xd1ff]
May 27 15:28:38 rbourgea kernel: [    0.438970] pci 0000:00:05.0: reg 0x14: [io  0xd200-0xd23f]
May 27 15:28:38 rbourgea kernel: [    0.440055] pci 0000:00:06.0: [106b:003f] type 00 class 0x0c0310
May 27 15:28:38 rbourgea kernel: [    0.441889] pci 0000:00:06.0: reg 0x10: [mem 0xf0804000-0xf0804fff]
May 27 15:28:38 rbourgea kernel: [    0.479805] pci 0000:00:07.0: [8086:7113] type 00 class 0x068000
May 27 15:28:38 rbourgea kernel: [    0.480754] pci 0000:00:07.0: quirk: [io  0x4000-0x403f] claimed by PIIX4 ACPI
May 27 15:28:38 rbourgea kernel: [    0.480777] pci 0000:00:07.0: quirk: [io  0x4100-0x410f] claimed by PIIX4 SMB
May 27 15:28:38 rbourgea kernel: [    0.482098] pci 0000:00:0d.0: [8086:2829] type 00 class 0x010601
May 27 15:28:38 rbourgea kernel: [    0.484898] pci 0000:00:0d.0: reg 0x10: [io  0xd240-0xd247]
May 27 15:28:38 rbourgea kernel: [    0.490832] pci 0000:00:0d.0: reg 0x14: [io  0xd248-0xd24b]
May 27 15:28:38 rbourgea kernel: [    0.497824] pci 0000:00:0d.0: reg 0x18: [io  0xd250-0xd257]
May 27 15:28:38 rbourgea kernel: [    0.505827] pci 0000:00:0d.0: reg 0x1c: [io  0xd258-0xd25b]
May 27 15:28:38 rbourgea kernel: [    0.511840] pci 0000:00:0d.0: reg 0x20: [io  0xd260-0xd26f]
May 27 15:28:38 rbourgea kernel: [    0.516862] pci 0000:00:0d.0: reg 0x24: [mem 0xf0806000-0xf0807fff]
May 27 15:28:38 rbourgea kernel: [    0.526823] ACPI: PCI: Interrupt link LNKA configured for IRQ 11
May 27 15:28:38 rbourgea kernel: [    0.527041] ACPI: PCI: Interrupt link LNKB configured for IRQ 10
May 27 15:28:38 rbourgea kernel: [    0.527146] ACPI: PCI: Interrupt link LNKC configured for IRQ 9
May 27 15:28:38 rbourgea kernel: [    0.527249] ACPI: PCI: Interrupt link LNKD configured for IRQ 11
May 27 15:28:38 rbourgea kernel: [    0.527440] iommu: Default domain type: Translated 
May 27 15:28:38 rbourgea kernel: [    0.527443] iommu: DMA domain TLB invalidation policy: lazy mode 
May 27 15:28:38 rbourgea kernel: [    0.527535] SCSI subsystem initialized
May 27 15:28:38 rbourgea kernel: [    0.527607] libata version 3.00 loaded.
May 27 15:28:38 rbourgea kernel: [    0.527637] ACPI: bus type USB registered
May 27 15:28:38 rbourgea kernel: [    0.527660] usbcore: registered new interface driver usbfs
May 27 15:28:38 rbourgea kernel: [    0.527666] usbcore: registered new interface driver hub
May 27 15:28:38 rbourgea kernel: [    0.527670] usbcore: registered new device driver usb
May 27 15:28:38 rbourgea kernel: [    0.527680] pps_core: LinuxPPS API ver. 1 registered
May 27 15:28:38 rbourgea kernel: [    0.527680] pps_core: Software ver. 5.3.6 - Copyright 2005-2007 Rodolfo Giometti <giometti@linux.it>
May 27 15:28:38 rbourgea kernel: [    0.527682] PTP clock support registered
May 27 15:28:38 rbourgea kernel: [    0.527756] Advanced Linux Sound Architecture Driver Initialized.
May 27 15:28:38 rbourgea kernel: [    0.527853] NetLabel: Initializing
May 27 15:28:38 rbourgea kernel: [    0.527854] NetLabel:  domain hash size = 128
May 27 15:28:38 rbourgea kernel: [    0.527854] NetLabel:  protocols = UNLABELED CIPSOv4 CALIPSO
May 27 15:28:38 rbourgea kernel: [    0.527874] NetLabel:  unlabeled traffic allowed by default
May 27 15:28:38 rbourgea kernel: [    0.531958] PCI: Using ACPI for IRQ routing
May 27 15:28:38 rbourgea kernel: [    0.531966] PCI: pci_cache_line_size set to 64 bytes
May 27 15:28:38 rbourgea kernel: [    0.533055] e820: reserve RAM buffer [mem 0x0009fc00-0x0009ffff]
May 27 15:28:38 rbourgea kernel: [    0.533060] e820: reserve RAM buffer [mem 0xdfff0000-0xdfffffff]
May 27 15:28:38 rbourgea kernel: [    0.533129] pci 0000:00:02.0: vgaarb: setting as boot VGA device
May 27 15:28:38 rbourgea kernel: [    0.533131] pci 0000:00:02.0: vgaarb: bridge control possible
May 27 15:28:38 rbourgea kernel: [    0.533132] pci 0000:00:02.0: vgaarb: VGA device added: decodes=io+mem,owns=io+mem,locks=none
May 27 15:28:38 rbourgea kernel: [    0.533134] vgaarb: loaded
May 27 15:28:38 rbourgea kernel: [    0.533952] clocksource: Switched to clocksource kvm-clock
May 27 15:28:38 rbourgea kernel: [    0.552357] VFS: Disk quotas dquot_6.6.0
May 27 15:28:38 rbourgea kernel: [    0.552357] VFS: Dquot-cache hash table entries: 512 (order 0, 4096 bytes)
May 27 15:28:38 rbourgea kernel: [    0.552357] pnp: PnP ACPI init
May 27 15:28:38 rbourgea kernel: [    0.555571] pnp: PnP ACPI: found 2 devices
May 27 15:28:38 rbourgea kernel: [    0.699325] clocksource: acpi_pm: mask: 0xffffff max_cycles: 0xffffff, max_idle_ns: 2085701024 ns
May 27 15:28:38 rbourgea kernel: [    0.699370] NET: Registered PF_INET protocol family
May 27 15:28:38 rbourgea kernel: [    0.699463] IP idents hash table entries: 65536 (order: 7, 524288 bytes, linear)
May 27 15:28:38 rbourgea kernel: [    0.700158] tcp_listen_portaddr_hash hash table entries: 2048 (order: 3, 32768 bytes, linear)
May 27 15:28:38 rbourgea kernel: [    0.700166] TCP established hash table entries: 32768 (order: 6, 262144 bytes, linear)
May 27 15:28:38 rbourgea kernel: [    0.700201] TCP bind bhash tables hash table entries: 32768 (order: 7, 786432 bytes, linear)
May 27 15:28:38 rbourgea kernel: [    0.701907] TCP: Hash tables configured (established 32768 bind 32768)
May 27 15:28:38 rbourgea kernel: [    0.702759] UDP hash table entries: 2048 (order: 4, 65536 bytes, linear)
May 27 15:28:38 rbourgea kernel: [    0.702759] UDP-Lite hash table entries: 2048 (order: 4, 65536 bytes, linear)
May 27 15:28:38 rbourgea kernel: [    0.702759] NET: Registered PF_UNIX/PF_LOCAL protocol family
May 27 15:28:38 rbourgea kernel: [    0.702759] RPC: Registered named UNIX socket transport module.
May 27 15:28:38 rbourgea kernel: [    0.702759] RPC: Registered udp transport module.
May 27 15:28:38 rbourgea kernel: [    0.702759] RPC: Registered tcp transport module.
May 27 15:28:38 rbourgea kernel: [    0.702759] RPC: Registered tcp NFSv4.1 backchannel transport module.
May 27 15:28:38 rbourgea kernel: [    0.702759] pci_bus 0000:00: resource 4 [io  0x0000-0x0cf7 window]
May 27 15:28:38 rbourgea kernel: [    0.702759] pci_bus 0000:00: resource 5 [io  0x0d00-0xffff window]
May 27 15:28:38 rbourgea kernel: [    0.702759] pci_bus 0000:00: resource 6 [mem 0x000a0000-0x000bffff window]
May 27 15:28:38 rbourgea kernel: [    0.702759] pci_bus 0000:00: resource 7 [mem 0xe0000000-0xfdffffff window]
May 27 15:28:38 rbourgea kernel: [    0.704563] pci 0000:00:00.0: Limiting direct PCI/PCI transfers
May 27 15:28:38 rbourgea kernel: [    0.704595] pci 0000:00:01.0: Activating ISA DMA hang workarounds
May 27 15:28:38 rbourgea kernel: [    0.709474] PCI: CLS 0 bytes, default 64
May 27 15:28:38 rbourgea kernel: [    0.709755] PCI-DMA: Using software bounce buffering for IO (SWIOTLB)
May 27 15:28:38 rbourgea kernel: [    0.709756] software IO TLB: mapped [mem 0x00000000dbff0000-0x00000000dfff0000] (64MB)
May 27 15:28:38 rbourgea kernel: [    0.709801] RAPL PMU: API unit is 2^-32 Joules, 0 fixed counters, 10737418240 ms ovfl timer
May 27 15:28:38 rbourgea kernel: [    0.709808] clocksource: tsc: mask: 0xffffffffffffffff max_cycles: 0x26eb3cc21a9, max_idle_ns: 440795299783 ns
May 27 15:28:38 rbourgea kernel: [    0.709820] clocksource: Switched to clocksource tsc
May 27 15:28:38 rbourgea kernel: [    0.709848] platform rtc_cmos: registered platform RTC device (no PNP device found)
May 27 15:28:38 rbourgea kernel: [    0.715030] Initialise system trusted keyrings
May 27 15:28:38 rbourgea kernel: [    0.716313] workingset: timestamp_bits=56 max_order=20 bucket_order=0
May 27 15:28:38 rbourgea kernel: [    0.718685] NFS: Registering the id_resolver key type
May 27 15:28:38 rbourgea kernel: [    0.718710] Key type id_resolver registered
May 27 15:28:38 rbourgea kernel: [    0.718711] Key type id_legacy registered
May 27 15:28:38 rbourgea kernel: [    0.718809] 9p: Installing v9fs 9p2000 file system support
May 27 15:28:38 rbourgea kernel: [    0.733519] Key type asymmetric registered
May 27 15:28:38 rbourgea kernel: [    0.733523] Asymmetric key parser 'x509' registered
May 27 15:28:38 rbourgea kernel: [    0.733553] Block layer SCSI generic (bsg) driver version 0.4 loaded (major 251)
May 27 15:28:38 rbourgea kernel: [    0.733562] io scheduler mq-deadline registered
May 27 15:28:38 rbourgea kernel: [    0.733563] io scheduler kyber registered
May 27 15:28:38 rbourgea kernel: [    0.737277] ACPI: AC: AC Adapter [AC] (on-line)
May 27 15:28:38 rbourgea kernel: [    0.737361] input: Power Button as /devices/LNXSYSTM:00/LNXPWRBN:00/input/input0
May 27 15:28:38 rbourgea kernel: [    0.737395] ACPI: button: Power Button [PWRF]
May 27 15:28:38 rbourgea kernel: [    0.746718] input: Sleep Button as /devices/LNXSYSTM:00/LNXSLPBN:00/input/input1
May 27 15:28:38 rbourgea kernel: [    0.746788] ACPI: button: Sleep Button [SLPF]
May 27 15:28:38 rbourgea kernel: [    0.747486] ACPI: video: Video Device [GFX0] (multi-head: yes  rom: no  post: no)
May 27 15:28:38 rbourgea kernel: [    0.747533] input: Video Bus as /devices/LNXSYSTM:00/LNXSYBUS:00/PNP0A03:00/LNXVIDEO:00/input/input2
May 27 15:28:38 rbourgea kernel: [    0.750793] Serial: 8250/16550 driver, 4 ports, IRQ sharing enabled
May 27 15:28:38 rbourgea kernel: [    0.755552] Non-volatile memory driver v1.3
May 27 15:28:38 rbourgea kernel: [    0.755557] Linux agpgart interface v0.103
May 27 15:28:38 rbourgea kernel: [    0.755954] ACPI: bus type drm_connector registered
May 27 15:28:38 rbourgea kernel: [    0.758241] ACPI: battery: Slot [BAT0] (battery present)
May 27 15:28:38 rbourgea kernel: [    0.762427] loop: module loaded
May 27 15:28:38 rbourgea kernel: [    0.762487] ahci 0000:00:0d.0: version 3.0
May 27 15:28:38 rbourgea kernel: [    0.763315] ahci 0000:00:0d.0: SSS flag set, parallel bus scan disabled
May 27 15:28:38 rbourgea kernel: [    0.763577] ahci 0000:00:0d.0: AHCI 0001.0100 32 slots 3 ports 3 Gbps 0x7 impl SATA mode
May 27 15:28:38 rbourgea kernel: [    0.763580] ahci 0000:00:0d.0: flags: 64bit ncq stag only ccc 
May 27 15:28:38 rbourgea kernel: [    0.779169] scsi host0: ahci
May 27 15:28:38 rbourgea kernel: [    0.779260] scsi host1: ahci
May 27 15:28:38 rbourgea kernel: [    0.779327] scsi host2: ahci
May 27 15:28:38 rbourgea kernel: [    0.779361] ata1: SATA max UDMA/133 abar m8192@0xf0806000 port 0xf0806100 irq 21
May 27 15:28:38 rbourgea kernel: [    0.779366] ata2: SATA max UDMA/133 abar m8192@0xf0806000 port 0xf0806180 irq 21
May 27 15:28:38 rbourgea kernel: [    0.779369] ata3: SATA max UDMA/133 abar m8192@0xf0806000 port 0xf0806200 irq 21
May 27 15:28:38 rbourgea kernel: [    0.779396] ata_piix 0000:00:01.1: version 2.13
May 27 15:28:38 rbourgea kernel: [    0.779977] scsi host3: ata_piix
May 27 15:28:38 rbourgea kernel: [    0.783047] scsi host4: ata_piix
May 27 15:28:38 rbourgea kernel: [    0.783047] ata4: PATA max UDMA/33 cmd 0x1f0 ctl 0x3f6 bmdma 0xd000 irq 14
May 27 15:28:38 rbourgea kernel: [    0.783047] ata5: PATA max UDMA/33 cmd 0x170 ctl 0x376 bmdma 0xd008 irq 15
May 27 15:28:38 rbourgea kernel: [    0.783047] e100: Intel(R) PRO/100 Network Driver
May 27 15:28:38 rbourgea kernel: [    0.783047] e100: Copyright(c) 1999-2006 Intel Corporation
May 27 15:28:38 rbourgea kernel: [    0.783047] e1000: Intel(R) PRO/1000 Network Driver
May 27 15:28:38 rbourgea kernel: [    0.783047] e1000: Copyright (c) 1999-2006 Intel Corporation.
May 27 15:28:38 rbourgea kernel: [    0.956755] ata5.00: ATAPI: VBOX CD-ROM, 1.0, max UDMA/133
May 27 15:28:38 rbourgea kernel: [    1.094831] ata1: SATA link up 3.0 Gbps (SStatus 123 SControl 300)
May 27 15:28:38 rbourgea kernel: [    1.095305] ata1.00: ATA-6: VBOX HARDDISK, 1.0, max UDMA/133
May 27 15:28:38 rbourgea kernel: [    1.095308] ata1.00: 31457280 sectors, multi 128: LBA48 NCQ (depth 32)
May 27 15:28:38 rbourgea kernel: [    1.104906] ata1.00: configured for UDMA/133
May 27 15:28:38 rbourgea kernel: [    1.105881] scsi 0:0:0:0: Direct-Access     ATA      VBOX HARDDISK    1.0  PQ: 0 ANSI: 5
May 27 15:28:38 rbourgea kernel: [    1.107260] scsi 0:0:0:0: Attached scsi generic sg0 type 0
May 27 15:28:38 rbourgea kernel: [    1.107425] sd 0:0:0:0: [sda] 31457280 512-byte logical blocks: (16.1 GB/15.0 GiB)
May 27 15:28:38 rbourgea kernel: [    1.107432] sd 0:0:0:0: [sda] Write Protect is off
May 27 15:28:38 rbourgea kernel: [    1.107433] sd 0:0:0:0: [sda] Mode Sense: 00 3a 00 00
May 27 15:28:38 rbourgea kernel: [    1.107440] sd 0:0:0:0: [sda] Write cache: enabled, read cache: enabled, doesn't support DPO or FUA
May 27 15:28:38 rbourgea kernel: [    1.107450] sd 0:0:0:0: [sda] Preferred minimum I/O size 512 bytes
May 27 15:28:38 rbourgea kernel: [    1.109532]  sda: sda1 sda2 sda3
May 27 15:28:38 rbourgea kernel: [    1.109703] sd 0:0:0:0: [sda] Attached SCSI disk
May 27 15:28:38 rbourgea kernel: [    1.248866] e1000 0000:00:03.0 eth0: (PCI:33MHz:32-bit) 08:00:27:ea:c8:43
May 27 15:28:38 rbourgea kernel: [    1.248866] e1000 0000:00:03.0 eth0: Intel(R) PRO/1000 Network Connection
May 27 15:28:38 rbourgea kernel: [    1.248866] e1000e: Intel(R) PRO/1000 Network Driver
May 27 15:28:38 rbourgea kernel: [    1.248866] e1000e: Copyright(c) 1999 - 2015 Intel Corporation.
May 27 15:28:38 rbourgea kernel: [    1.248866] sky2: driver version 1.30
May 27 15:28:38 rbourgea kernel: [    1.248866] ehci_hcd: USB 2.0 'Enhanced' Host Controller (EHCI) Driver
May 27 15:28:38 rbourgea kernel: [    1.248866] ehci-pci: EHCI PCI platform driver
May 27 15:28:38 rbourgea kernel: [    1.248866] ohci_hcd: USB 1.1 'Open' Host Controller (OHCI) Driver
May 27 15:28:38 rbourgea kernel: [    1.248866] ohci-pci: OHCI PCI platform driver
May 27 15:28:38 rbourgea kernel: [    1.252552] ohci-pci 0000:00:06.0: OHCI PCI host controller
May 27 15:28:38 rbourgea kernel: [    1.252587] ohci-pci 0000:00:06.0: new USB bus registered, assigned bus number 1
May 27 15:28:38 rbourgea kernel: [    1.252641] ohci-pci 0000:00:06.0: irq 22, io mem 0xf0804000
May 27 15:28:38 rbourgea kernel: [    1.304628] usb usb1: New USB device found, idVendor=1d6b, idProduct=0001, bcdDevice= 5.18
May 27 15:28:38 rbourgea kernel: [    1.304632] usb usb1: New USB device strings: Mfr=3, Product=2, SerialNumber=1
May 27 15:28:38 rbourgea kernel: [    1.304634] usb usb1: Product: OHCI PCI host controller
May 27 15:28:38 rbourgea kernel: [    1.304635] usb usb1: Manufacturer: Linux 5.18.0-10037-g7e284070abe5 ohci_hcd
May 27 15:28:38 rbourgea kernel: [    1.304636] usb usb1: SerialNumber: 0000:00:06.0
May 27 15:28:38 rbourgea kernel: [    1.304754] hub 1-0:1.0: USB hub found
May 27 15:28:38 rbourgea kernel: [    1.304765] hub 1-0:1.0: 12 ports detected
May 27 15:28:38 rbourgea kernel: [    1.307200] uhci_hcd: USB Universal Host Controller Interface driver
May 27 15:28:38 rbourgea kernel: [    1.307237] usbcore: registered new interface driver usblp
May 27 15:28:38 rbourgea kernel: [    1.307244] usbcore: registered new interface driver usb-storage
May 27 15:28:38 rbourgea kernel: [    1.307263] i8042: PNP: PS/2 Controller [PNP0303:PS2K,PNP0f03:PS2M] at 0x60,0x64 irq 1,12
May 27 15:28:38 rbourgea kernel: [    1.307692] serio: i8042 KBD port at 0x60,0x64 irq 1
May 27 15:28:38 rbourgea kernel: [    1.307696] serio: i8042 AUX port at 0x60,0x64 irq 12
May 27 15:28:38 rbourgea kernel: [    1.308112] input: AT Translated Set 2 keyboard as /devices/platform/i8042/serio0/input/input3
May 27 15:28:38 rbourgea kernel: [    1.311629] rtc_cmos rtc_cmos: registered as rtc0
May 27 15:28:38 rbourgea kernel: [    1.311640] rtc_cmos rtc_cmos: alarms up to one day, 114 bytes nvram
May 27 15:28:38 rbourgea kernel: [    1.311666] fail to initialize ptp_kvm
May 27 15:28:38 rbourgea kernel: [    1.311727] device-mapper: ioctl: 4.46.0-ioctl (2022-02-22) initialised: dm-devel@redhat.com
May 27 15:28:38 rbourgea kernel: [    1.311731] intel_pstate: CPU model not supported
May 27 15:28:38 rbourgea kernel: [    1.311742] hid: raw HID events driver (C) Jiri Kosina
May 27 15:28:38 rbourgea kernel: [    1.311834] usbcore: registered new interface driver usbhid
May 27 15:28:38 rbourgea kernel: [    1.311835] usbhid: USB HID core driver
May 27 15:28:38 rbourgea kernel: [    1.316024] Initializing XFRM netlink socket
May 27 15:28:38 rbourgea kernel: [    1.316105] NET: Registered PF_INET6 protocol family
May 27 15:28:38 rbourgea kernel: [    1.316404] Segment Routing with IPv6
May 27 15:28:38 rbourgea kernel: [    1.316418] In-situ OAM (IOAM) with IPv6
May 27 15:28:38 rbourgea kernel: [    1.316446] sit: IPv6, IPv4 and MPLS over IPv4 tunneling driver
May 27 15:28:38 rbourgea kernel: [    1.316561] NET: Registered PF_PACKET protocol family
May 27 15:28:38 rbourgea kernel: [    1.316589] 9pnet: Installing 9P2000 support
May 27 15:28:38 rbourgea kernel: [    1.316607] Key type dns_resolver registered
May 27 15:28:38 rbourgea kernel: [    1.316724] IPI shorthand broadcast: enabled
May 27 15:28:38 rbourgea kernel: [    1.316724] sched_clock: Marking stable (1276733688, 38991254)->(1336620211, -20895269)
May 27 15:28:38 rbourgea kernel: [    1.316830] registered taskstats version 1
May 27 15:28:38 rbourgea kernel: [    1.316831] Loading compiled-in X.509 certificates
May 27 15:28:38 rbourgea kernel: [    1.316971] cryptomgr_test (53) used greatest stack depth: 15528 bytes left
May 27 15:28:38 rbourgea kernel: [    1.317499] PM:   Magic number: 6:328:484
May 27 15:28:38 rbourgea kernel: [    1.317577] printk: console [netcon0] enabled
May 27 15:28:38 rbourgea kernel: [    1.317578] netconsole: network logging started
May 27 15:28:38 rbourgea kernel: [    1.317640] cfg80211: Loading compiled-in X.509 certificates for regulatory database
May 27 15:28:38 rbourgea kernel: [    1.317672] printk: console [netcon0] printing thread started
May 27 15:28:38 rbourgea kernel: [    1.317731] kworker/u2:0 (76) used greatest stack depth: 14720 bytes left
May 27 15:28:38 rbourgea kernel: [    1.318125] cfg80211: Loaded X.509 cert 'sforshee: 00b28ddf47aef9cea7'
May 27 15:28:38 rbourgea kernel: [    1.318132] ALSA device list:
May 27 15:28:38 rbourgea kernel: [    1.318133]   No soundcards found.
May 27 15:28:38 rbourgea kernel: [    1.321715] platform regulatory.0: Direct firmware load for regulatory.db failed with error -2
May 27 15:28:38 rbourgea kernel: [    1.321721] cfg80211: failed to load regulatory.db
May 27 15:28:38 rbourgea kernel: [    1.416318] ata2: SATA link down (SStatus 0 SControl 300)
May 27 15:28:38 rbourgea kernel: [    1.515661] input: ImExPS/2 Generic Explorer Mouse as /devices/platform/i8042/serio1/input/input5
May 27 15:28:38 rbourgea kernel: [    1.594746] usb 1-1: new full-speed USB device number 2 using ohci-pci
May 27 15:28:38 rbourgea kernel: [    1.730449] ata3: SATA link down (SStatus 0 SControl 300)
May 27 15:28:38 rbourgea kernel: [    1.730942] scsi 4:0:0:0: CD-ROM            VBOX     CD-ROM           1.0  PQ: 0 ANSI: 5
May 27 15:28:38 rbourgea kernel: [    1.746566] sr 4:0:0:0: [sr0] scsi3-mmc drive: 32x/32x xa/form2 tray
May 27 15:28:38 rbourgea kernel: [    1.746571] cdrom: Uniform CD-ROM driver Revision: 3.20
May 27 15:28:38 rbourgea kernel: [    1.761686] sr 4:0:0:0: Attached scsi CD-ROM sr0
May 27 15:28:38 rbourgea kernel: [    1.761742] sr 4:0:0:0: Attached scsi generic sg1 type 5
May 27 15:28:38 rbourgea kernel: [    1.761774] md: Waiting for all devices to be available before autodetect
May 27 15:28:38 rbourgea kernel: [    1.761775] md: If you don't use raid, use raid=noautodetect
May 27 15:28:38 rbourgea kernel: [    1.761776] md: Autodetecting RAID arrays.
May 27 15:28:38 rbourgea kernel: [    1.761777] md: autorun ...
May 27 15:28:38 rbourgea kernel: [    1.761778] md: ... autorun DONE.
May 27 15:28:38 rbourgea kernel: [    1.767489] EXT4-fs (sda1): INFO: recovery required on readonly filesystem
May 27 15:28:38 rbourgea kernel: [    1.767493] EXT4-fs (sda1): write access will be enabled during recovery
May 27 15:28:38 rbourgea kernel: [    1.790050] EXT4-fs (sda1): recovery complete
May 27 15:28:38 rbourgea kernel: [    1.794315] EXT4-fs (sda1): mounted filesystem with ordered data mode. Quota mode: none.
May 27 15:28:38 rbourgea kernel: [    1.794359] VFS: Mounted root (ext4 filesystem) readonly on device 8:1.
May 27 15:28:38 rbourgea kernel: [    1.796359] devtmpfs: mounted
May 27 15:28:38 rbourgea kernel: [    1.796645] Freeing unused kernel image (initmem) memory: 1276K
May 27 15:28:38 rbourgea kernel: [    1.796663] Write protecting the kernel read-only data: 24576k
May 27 15:28:38 rbourgea kernel: [    1.797196] Freeing unused kernel image (text/rodata gap) memory: 2032K
May 27 15:28:38 rbourgea kernel: [    1.797567] Freeing unused kernel image (rodata/data gap) memory: 976K
May 27 15:28:38 rbourgea kernel: [    1.797604] Run /sbin/init as init process
May 27 15:28:38 rbourgea kernel: [    1.797606]   with arguments:
May 27 15:28:38 rbourgea kernel: [    1.797606]     /sbin/init
May 27 15:28:38 rbourgea kernel: [    1.797607]   with environment:
May 27 15:28:38 rbourgea kernel: [    1.797607]     HOME=/
May 27 15:28:38 rbourgea kernel: [    1.797608]     TERM=linux
May 27 15:28:38 rbourgea kernel: [    1.797608]     BOOT_IMAGE=/vmlinuz-5.18.0-next
May 27 15:28:38 rbourgea kernel: [    1.861574] usb 1-1: New USB device found, idVendor=80ee, idProduct=0021, bcdDevice= 1.00
May 27 15:28:38 rbourgea kernel: [    1.861579] usb 1-1: New USB device strings: Mfr=1, Product=3, SerialNumber=0
May 27 15:28:38 rbourgea kernel: [    1.861580] usb 1-1: Product: USB Tablet
May 27 15:28:38 rbourgea kernel: [    1.861581] usb 1-1: Manufacturer: VirtualBox
May 27 15:28:38 rbourgea kernel: [    1.875793] input: VirtualBox USB Tablet as /devices/pci0000:00/0000:00:06.0/usb1/1-1/1-1:1.0/0003:80EE:0021.0001/input/input6
May 27 15:28:38 rbourgea kernel: [    1.876706] hid-generic 0003:80EE:0021.0001: input,hidraw0: USB HID v1.10 Mouse [VirtualBox USB Tablet] on usb-0000:00:06.0-1/input0
May 27 15:28:38 rbourgea kernel: [    1.947452] stty (86) used greatest stack depth: 13688 bytes left
May 27 15:28:38 rbourgea kernel: [    2.002448] mount (93) used greatest stack depth: 13632 bytes left
May 27 15:28:38 rbourgea kernel: [    2.139513] ip (137) used greatest stack depth: 13352 bytes left
May 27 15:28:38 rbourgea kernel: [    2.140858] ip (138) used greatest stack depth: 13128 bytes left
May 27 15:28:38 rbourgea kernel: <30>[    2.228315] udevd[163]: starting version 3.2.11
May 27 15:28:38 rbourgea kernel: [    2.514363] random: crng init done
May 27 15:28:38 rbourgea kernel: <30>[    2.566874] udevd[164]: starting eudev-3.2.11
May 27 15:28:38 rbourgea kernel: [    3.398541] Adding 204796k swap on /dev/sda2.  Priority:1 extents:1 across:204796k 
May 27 15:28:38 rbourgea kernel: [    3.415202] EXT4-fs (sda1): re-mounted. Quota mode: none.
May 27 15:28:38 rbourgea kernel: [    3.484504] EXT4-fs (sda1): re-mounted. Quota mode: none.
May 27 15:28:38 rbourgea kernel: [    3.531634] EXT4-fs (sda3): recovery complete
May 27 15:28:38 rbourgea kernel: [    3.532338] EXT4-fs (sda3): mounted filesystem with ordered data mode. Quota mode: none.
May 27 15:28:38 rbourgea kernel: [    4.675368] e1000: eth0 NIC Link is Up 1000 Mbps Full Duplex, Flow Control: RX
May 27 15:28:38 rbourgea kernel: [    4.675659] IPv6: ADDRCONF(NETDEV_CHANGE): eth0: link becomes ready
