[    0.000000] Linux version 5.18.0-thor_kernel (root@rbourgea) (gcc (GCC) 11.2.0, GNU ld (GNU Binutils) 2.38) #4 SMP PREEMPT_DYNAMIC Mon May 23 17:10:29 CEST 2022
[    0.000000] Command line: BOOT_IMAGE=/vmlinuz-5.18-rc7 root=/dev/sda1 ro
[    0.000000] x86/fpu: Supporting XSAVE feature 0x001: 'x87 floating point registers'
[    0.000000] x86/fpu: Supporting XSAVE feature 0x002: 'SSE registers'
[    0.000000] x86/fpu: Supporting XSAVE feature 0x004: 'AVX registers'
[    0.000000] x86/fpu: xstate_offset[2]:  576, xstate_sizes[2]:  256
[    0.000000] x86/fpu: Enabled xstate features 0x7, context size is 832 bytes, using 'standard' format.
[    0.000000] signal: max sigframe size: 1776
[    0.000000] BIOS-provided physical RAM map:
[    0.000000] BIOS-e820: [mem 0x0000000000000000-0x000000000009fbff] usable
[    0.000000] BIOS-e820: [mem 0x000000000009fc00-0x000000000009ffff] reserved
[    0.000000] BIOS-e820: [mem 0x00000000000f0000-0x00000000000fffff] reserved
[    0.000000] BIOS-e820: [mem 0x0000000000100000-0x00000000dffeffff] usable
[    0.000000] BIOS-e820: [mem 0x00000000dfff0000-0x00000000dfffffff] ACPI data
[    0.000000] BIOS-e820: [mem 0x00000000fec00000-0x00000000fec00fff] reserved
[    0.000000] BIOS-e820: [mem 0x00000000fee00000-0x00000000fee00fff] reserved
[    0.000000] BIOS-e820: [mem 0x00000000fffc0000-0x00000000ffffffff] reserved
[    0.000000] BIOS-e820: [mem 0x0000000100000000-0x000000011fffffff] usable
[    0.000000] NX (Execute Disable) protection: active
[    0.000000] SMBIOS 2.5 present.
[    0.000000] DMI: innotek GmbH VirtualBox/VirtualBox, BIOS VirtualBox 12/01/2006
[    0.000000] Hypervisor detected: KVM
[    0.000000] kvm-clock: Using msrs 4b564d01 and 4b564d00
[    0.000002] kvm-clock: using sched offset of 6182666494 cycles
[    0.000005] clocksource: kvm-clock: mask: 0xffffffffffffffff max_cycles: 0x1cd42e4dffb, max_idle_ns: 881590591483 ns
[    0.000008] tsc: Detected 2699.998 MHz processor
[    0.001264] e820: update [mem 0x00000000-0x00000fff] usable ==> reserved
[    0.001267] e820: remove [mem 0x000a0000-0x000fffff] usable
[    0.001270] last_pfn = 0x120000 max_arch_pfn = 0x400000000
[    0.001281] Disabled
[    0.001282] x86/PAT: MTRRs disabled, skipping PAT initialization too.
[    0.001285] CPU MTRRs all blank - virtualized system.
[    0.001288] x86/PAT: Configuration [0-7]: WB  WT  UC- UC  WB  WT  UC- UC  
[    0.001290] last_pfn = 0xdfff0 max_arch_pfn = 0x400000000
[    0.001340] found SMP MP-table at [mem 0x0009fff0-0x0009ffff]
[    0.001472] ACPI: Early table checksum verification disabled
[    0.001476] ACPI: RSDP 0x00000000000E0000 000024 (v02 VBOX  )
[    0.001480] ACPI: XSDT 0x00000000DFFF0030 00003C (v01 VBOX   VBOXXSDT 00000001 ASL  00000061)
[    0.001486] ACPI: FACP 0x00000000DFFF00F0 0000F4 (v04 VBOX   VBOXFACP 00000001 ASL  00000061)
[    0.001491] ACPI: DSDT 0x00000000DFFF0470 002325 (v02 VBOX   VBOXBIOS 00000002 INTL 20120111)
[    0.001495] ACPI: FACS 0x00000000DFFF0200 000040
[    0.001498] ACPI: FACS 0x00000000DFFF0200 000040
[    0.001501] ACPI: APIC 0x00000000DFFF0240 000054 (v02 VBOX   VBOXAPIC 00000001 ASL  00000061)
[    0.001504] ACPI: SSDT 0x00000000DFFF02A0 0001CC (v01 VBOX   VBOXCPUT 00000002 INTL 20120111)
[    0.001506] ACPI: Reserving FACP table memory at [mem 0xdfff00f0-0xdfff01e3]
[    0.001508] ACPI: Reserving DSDT table memory at [mem 0xdfff0470-0xdfff2794]
[    0.001509] ACPI: Reserving FACS table memory at [mem 0xdfff0200-0xdfff023f]
[    0.001510] ACPI: Reserving FACS table memory at [mem 0xdfff0200-0xdfff023f]
[    0.001511] ACPI: Reserving APIC table memory at [mem 0xdfff0240-0xdfff0293]
[    0.001512] ACPI: Reserving SSDT table memory at [mem 0xdfff02a0-0xdfff046b]
[    0.001751] No NUMA configuration found
[    0.001752] Faking a node at [mem 0x0000000000000000-0x000000011fffffff]
[    0.001755] NODE_DATA(0) allocated [mem 0x11fffc000-0x11fffffff]
[    0.003215] Zone ranges:
[    0.003220]   DMA      [mem 0x0000000000001000-0x0000000000ffffff]
[    0.003223]   DMA32    [mem 0x0000000001000000-0x00000000ffffffff]
[    0.003224]   Normal   [mem 0x0000000100000000-0x000000011fffffff]
[    0.003226] Movable zone start for each node
[    0.003227] Early memory node ranges
[    0.003227]   node   0: [mem 0x0000000000001000-0x000000000009efff]
[    0.003229]   node   0: [mem 0x0000000000100000-0x00000000dffeffff]
[    0.003231]   node   0: [mem 0x0000000100000000-0x000000011fffffff]
[    0.003232] Initmem setup node 0 [mem 0x0000000000001000-0x000000011fffffff]
[    0.004598] On node 0, zone DMA: 1 pages in unavailable ranges
[    0.004627] On node 0, zone DMA: 97 pages in unavailable ranges
[    0.068659] On node 0, zone Normal: 16 pages in unavailable ranges
[    0.069369] ACPI: PM-Timer IO Port: 0x4008
[    0.069488] IOAPIC[0]: apic_id 1, version 32, address 0xfec00000, GSI 0-23
[    0.069495] ACPI: INT_SRC_OVR (bus 0 bus_irq 0 global_irq 2 dfl dfl)
[    0.069497] ACPI: INT_SRC_OVR (bus 0 bus_irq 9 global_irq 9 low level)
[    0.069501] ACPI: Using ACPI (MADT) for SMP configuration information
[    0.069509] smpboot: Allowing 1 CPUs, 0 hotplug CPUs
[    0.069532] PM: hibernation: Registered nosave memory: [mem 0x00000000-0x00000fff]
[    0.069535] PM: hibernation: Registered nosave memory: [mem 0x0009f000-0x0009ffff]
[    0.069536] PM: hibernation: Registered nosave memory: [mem 0x000a0000-0x000effff]
[    0.069536] PM: hibernation: Registered nosave memory: [mem 0x000f0000-0x000fffff]
[    0.069538] PM: hibernation: Registered nosave memory: [mem 0xdfff0000-0xdfffffff]
[    0.069539] PM: hibernation: Registered nosave memory: [mem 0xe0000000-0xfebfffff]
[    0.069539] PM: hibernation: Registered nosave memory: [mem 0xfec00000-0xfec00fff]
[    0.069540] PM: hibernation: Registered nosave memory: [mem 0xfec01000-0xfedfffff]
[    0.069541] PM: hibernation: Registered nosave memory: [mem 0xfee00000-0xfee00fff]
[    0.069542] PM: hibernation: Registered nosave memory: [mem 0xfee01000-0xfffbffff]
[    0.070401] PM: hibernation: Registered nosave memory: [mem 0xfffc0000-0xffffffff]
[    0.070457] [mem 0xe0000000-0xfebfffff] available for PCI devices
[    0.070465] Booting paravirtualized kernel on KVM
[    0.070482] clocksource: refined-jiffies: mask: 0xffffffff max_cycles: 0xffffffff, max_idle_ns: 1910969940391419 ns
[    0.076202] setup_percpu: NR_CPUS:64 nr_cpumask_bits:64 nr_cpu_ids:1 nr_node_ids:1
[    0.077882] percpu: Embedded 52 pages/cpu s176040 r8192 d28760 u2097152
[    0.077893] pcpu-alloc: s176040 r8192 d28760 u2097152 alloc=1*2097152
[    0.077896] pcpu-alloc: [0] 0 
[    0.077918] Fallback order for Node 0: 0 
[    0.077921] Built 1 zonelists, mobility grouping on.  Total pages: 1031920
[    0.077923] Policy zone: Normal
[    0.077924] Kernel command line: BOOT_IMAGE=/vmlinuz-5.18-rc7 root=/dev/sda1 ro
[    0.077950] Unknown kernel command line parameters "BOOT_IMAGE=/vmlinuz-5.18-rc7", will be passed to user space.
[    0.081076] Dentry cache hash table entries: 524288 (order: 10, 4194304 bytes, linear)
[    0.082878] Inode-cache hash table entries: 262144 (order: 9, 2097152 bytes, linear)
[    0.082922] mem auto-init: stack:off, heap alloc:off, heap free:off
[    0.145859] Memory: 4019816K/4193848K available (16396K kernel code, 2671K rwdata, 5084K rodata, 1276K init, 1216K bss, 173772K reserved, 0K cma-reserved)
[    0.145895] SLUB: HWalign=64, Order=0-3, MinObjects=0, CPUs=1, Nodes=1
[    0.145903] Kernel/User page tables isolation: enabled
[    0.146827] Dynamic Preempt: voluntary
[    0.148301] rcu: Preemptible hierarchical RCU implementation.
[    0.148305] rcu: 	RCU event tracing is enabled.
[    0.148306] rcu: 	RCU restricting CPUs from NR_CPUS=64 to nr_cpu_ids=1.
[    0.148307] 	Trampoline variant of Tasks RCU enabled.
[    0.148308] rcu: RCU calculated value of scheduler-enlistment delay is 100 jiffies.
[    0.148310] rcu: Adjusting geometry for rcu_fanout_leaf=16, nr_cpu_ids=1
[    0.149286] NR_IRQS: 4352, nr_irqs: 256, preallocated irqs: 16
[    0.149601] random: get_random_bytes called from start_kernel+0x493/0x665 with crng_init=0
[    0.155046] Console: colour VGA+ 80x25
[    0.183808] printk: console [tty0] enabled
[    0.184023] ACPI: Core revision 20211217
[    0.184389] APIC: Switch to symmetric I/O mode setup
[    0.185664] ..TIMER: vector=0x30 apic1=0 pin1=2 apic2=-1 pin2=-1
[    0.185927] clocksource: tsc-early: mask: 0xffffffffffffffff max_cycles: 0x26eb3cc21a9, max_idle_ns: 440795299783 ns
[    0.186334] Calibrating delay loop (skipped) preset value.. 5399.99 BogoMIPS (lpj=2699998)
[    0.186678] pid_max: default: 32768 minimum: 301
[    0.186896] LSM: Security Framework initializing
[    0.187109] SELinux:  Initializing.
[    0.187316] Mount-cache hash table entries: 8192 (order: 4, 65536 bytes, linear)
[    0.187329] Mountpoint-cache hash table entries: 8192 (order: 4, 65536 bytes, linear)
[    0.188687] process: using mwait in idle threads
[    0.188994] Last level iTLB entries: 4KB 64, 2MB 8, 4MB 8
[    0.189313] Last level dTLB entries: 4KB 64, 2MB 0, 4MB 0, 1GB 4
[    0.189329] Spectre V1 : Mitigation: usercopy/swapgs barriers and __user pointer sanitization
[    0.189329] Spectre V2 : Mitigation: Retpolines
[    0.189329] Spectre V2 : Spectre v2 / SpectreRSB mitigation: Filling RSB on context switch
[    0.189329] Speculative Store Bypass: Vulnerable
[    0.189329] SRBDS: Unknown: Dependent on hypervisor status
[    0.189336] MDS: Mitigation: Clear CPU buffers
[    0.201337] Freeing SMP alternatives memory: 44K
[    0.297642] smpboot: CPU0: Intel(R) Core(TM) i5-5257U CPU @ 2.70GHz (family: 0x6, model: 0x3d, stepping: 0x4)
[    0.298164] cblist_init_generic: Setting adjustable number of callback queues.
[    0.298329] cblist_init_generic: Setting shift to 0 and lim to 1.
[    0.298329] Performance Events: unsupported p6 CPU model 61 no PMU driver, software events only.
[    0.298329] rcu: Hierarchical SRCU implementation.
[    0.298340] smp: Bringing up secondary CPUs ...
[    0.298546] smp: Brought up 1 node, 1 CPU
[    0.298735] smpboot: Max logical packages: 1
[    0.298931] smpboot: Total of 1 processors activated (5399.99 BogoMIPS)
[    0.299329] devtmpfs: initialized
[    0.299329] clocksource: jiffies: mask: 0xffffffff max_cycles: 0xffffffff, max_idle_ns: 1911260446275000 ns
[    0.299329] futex hash table entries: 256 (order: 2, 16384 bytes, linear)
[    0.299332] PM: RTC time: 10:00:40, date: 2022-05-27
[    0.300351] NET: Registered PF_NETLINK/PF_ROUTE protocol family
[    0.300734] audit: initializing netlink subsys (disabled)
[    0.301067] thermal_sys: Registered thermal governor 'step_wise'
[    0.301068] thermal_sys: Registered thermal governor 'user_space'
[    0.301329] audit: type=2000 audit(1653645648.642:1): state=initialized audit_enabled=0 res=1
[    0.301329] cpuidle: using governor menu
[    0.301374] PCI: Using configuration type 1 for base access
[    0.303882] kprobes: kprobe jump-optimization is enabled. All kprobes are optimized if possible.
[    0.304314] HugeTLB registered 2.00 MiB page size, pre-allocated 0 pages
[    0.304329] ACPI: Added _OSI(Module Device)
[    0.304329] ACPI: Added _OSI(Processor Device)
[    0.304329] ACPI: Added _OSI(3.0 _SCP Extensions)
[    0.304329] ACPI: Added _OSI(Processor Aggregator Device)
[    0.304329] ACPI: Added _OSI(Linux-Dell-Video)
[    0.304329] ACPI: Added _OSI(Linux-Lenovo-NV-HDMI-Audio)
[    0.304329] ACPI: Added _OSI(Linux-HPI-Hybrid-Graphics)
[    0.306635] ACPI: 2 ACPI AML tables successfully acquired and loaded
[    0.311843] ACPI: Interpreter enabled
[    0.312037] ACPI: PM: (supports S0 S5)
[    0.312222] ACPI: Using IOAPIC for interrupt routing
[    0.312329] PCI: Using host bridge windows from ACPI; if necessary, use "pci=nocrs" and report a bug
[    0.312455] ACPI: Enabled 2 GPEs in block 00 to 07
[    0.318959] ACPI: PCI Root Bridge [PCI0] (domain 0000 [bus 00-ff])
[    0.319329] acpi PNP0A03:00: _OSC: OS supports [ASPM ClockPM Segments MSI HPX-Type3]
[    0.319329] acpi PNP0A03:00: _OSC: not requesting OS control; OS requires [ExtendedConfig ASPM ClockPM MSI]
[    0.319489] acpi PNP0A03:00: fail to add MMCONFIG information, can't access extended PCI configuration space under this bridge.
[    0.320464] PCI host bridge to bus 0000:00
[    0.320746] pci_bus 0000:00: root bus resource [io  0x0000-0x0cf7 window]
[    0.321121] pci_bus 0000:00: root bus resource [io  0x0d00-0xffff window]
[    0.321329] pci_bus 0000:00: root bus resource [mem 0x000a0000-0x000bffff window]
[    0.321329] pci_bus 0000:00: root bus resource [mem 0xe0000000-0xfdffffff window]
[    0.321329] pci_bus 0000:00: root bus resource [bus 00-ff]
[    0.323494] pci 0000:00:00.0: [8086:1237] type 00 class 0x060000
[    0.326124] pci 0000:00:01.0: [8086:7000] type 00 class 0x060100
[    0.328018] pci 0000:00:01.1: [8086:7111] type 00 class 0x01018a
[    0.329240] pci 0000:00:01.1: reg 0x20: [io  0xd000-0xd00f]
[    0.329722] pci 0000:00:01.1: legacy IDE quirk: reg 0x10: [io  0x01f0-0x01f7]
[    0.330179] pci 0000:00:01.1: legacy IDE quirk: reg 0x14: [io  0x03f6]
[    0.330329] pci 0000:00:01.1: legacy IDE quirk: reg 0x18: [io  0x0170-0x0177]
[    0.330329] pci 0000:00:01.1: legacy IDE quirk: reg 0x1c: [io  0x0376]
[    0.331669] pci 0000:00:02.0: [15ad:0405] type 00 class 0x030000
[    0.334358] pci 0000:00:02.0: reg 0x10: [io  0xd010-0xd01f]
[    0.336741] pci 0000:00:02.0: reg 0x14: [mem 0xe0000000-0xe0ffffff pref]
[    0.341377] pci 0000:00:02.0: reg 0x18: [mem 0xf0000000-0xf01fffff]
[    0.367350] pci 0000:00:02.0: Video device with shadowed ROM at [mem 0x000c0000-0x000dffff]
[    0.373481] pci 0000:00:03.0: [8086:100e] type 00 class 0x020000
[    0.376433] pci 0000:00:03.0: reg 0x10: [mem 0xf0200000-0xf021ffff]
[    0.385361] pci 0000:00:03.0: reg 0x18: [io  0xd020-0xd027]
[    0.406591] pci 0000:00:04.0: [80ee:cafe] type 00 class 0x088000
[    0.409361] pci 0000:00:04.0: reg 0x10: [io  0xd040-0xd05f]
[    0.412361] pci 0000:00:04.0: reg 0x14: [mem 0xf0400000-0xf07fffff]
[    0.415440] pci 0000:00:04.0: reg 0x18: [mem 0xf0800000-0xf0803fff pref]
[    0.450402] pci 0000:00:05.0: [8086:2415] type 00 class 0x040100
[    0.452642] pci 0000:00:05.0: reg 0x10: [io  0xd100-0xd1ff]
[    0.453566] pci 0000:00:05.0: reg 0x14: [io  0xd200-0xd23f]
[    0.455947] pci 0000:00:06.0: [106b:003f] type 00 class 0x0c0310
[    0.459368] pci 0000:00:06.0: reg 0x10: [mem 0xf0804000-0xf0804fff]
[    0.493759] pci 0000:00:07.0: [8086:7113] type 00 class 0x068000
[    0.495234] pci 0000:00:07.0: quirk: [io  0x4000-0x403f] claimed by PIIX4 ACPI
[    0.495338] pci 0000:00:07.0: quirk: [io  0x4100-0x410f] claimed by PIIX4 SMB
[    0.496048] pci 0000:00:0d.0: [8086:2829] type 00 class 0x010601
[    0.502351] pci 0000:00:0d.0: reg 0x10: [io  0xd240-0xd247]
[    0.510362] pci 0000:00:0d.0: reg 0x14: [io  0xd248-0xd24b]
[    0.516364] pci 0000:00:0d.0: reg 0x18: [io  0xd250-0xd257]
[    0.522366] pci 0000:00:0d.0: reg 0x1c: [io  0xd258-0xd25b]
[    0.525350] pci 0000:00:0d.0: reg 0x20: [io  0xd260-0xd26f]
[    0.532351] pci 0000:00:0d.0: reg 0x24: [mem 0xf0806000-0xf0807fff]
[    0.547939] ACPI: PCI: Interrupt link LNKA configured for IRQ 11
[    0.548456] ACPI: PCI: Interrupt link LNKB configured for IRQ 10
[    0.548865] ACPI: PCI: Interrupt link LNKC configured for IRQ 9
[    0.549277] ACPI: PCI: Interrupt link LNKD configured for IRQ 11
[    0.549599] iommu: Default domain type: Translated 
[    0.549842] iommu: DMA domain TLB invalidation policy: lazy mode 
[    0.550251] SCSI subsystem initialized
[    0.550329] libata version 3.00 loaded.
[    0.550329] ACPI: bus type USB registered
[    0.550329] usbcore: registered new interface driver usbfs
[    0.550329] usbcore: registered new interface driver hub
[    0.550329] usbcore: registered new device driver usb
[    0.550396] pps_core: LinuxPPS API ver. 1 registered
[    0.550640] pps_core: Software ver. 5.3.6 - Copyright 2005-2007 Rodolfo Giometti <giometti@linux.it>
[    0.551380] PTP clock support registered
[    0.551697] Advanced Linux Sound Architecture Driver Initialized.
[    0.552060] NetLabel: Initializing
[    0.552236] NetLabel:  domain hash size = 128
[    0.552329] NetLabel:  protocols = UNLABELED CIPSOv4 CALIPSO
[    0.552329] NetLabel:  unlabeled traffic allowed by default
[    0.552329] PCI: Using ACPI for IRQ routing
[    0.552329] PCI: pci_cache_line_size set to 64 bytes
[    0.554449] e820: reserve RAM buffer [mem 0x0009fc00-0x0009ffff]
[    0.554454] e820: reserve RAM buffer [mem 0xdfff0000-0xdfffffff]
[    0.554505] pci 0000:00:02.0: vgaarb: setting as boot VGA device
[    0.554755] pci 0000:00:02.0: vgaarb: bridge control possible
[    0.554987] pci 0000:00:02.0: vgaarb: VGA device added: decodes=io+mem,owns=io+mem,locks=none
[    0.555329] vgaarb: loaded
[    0.555329] clocksource: Switched to clocksource kvm-clock
[    0.583756] VFS: Disk quotas dquot_6.6.0
[    0.583992] VFS: Dquot-cache hash table entries: 512 (order 0, 4096 bytes)
[    0.584300] pnp: PnP ACPI init
[    0.585865] pnp: PnP ACPI: found 2 devices
[    0.736809] clocksource: acpi_pm: mask: 0xffffff max_cycles: 0xffffff, max_idle_ns: 2085701024 ns
[    0.737465] NET: Registered PF_INET protocol family
[    0.738391] IP idents hash table entries: 65536 (order: 7, 524288 bytes, linear)
[    0.739467] tcp_listen_portaddr_hash hash table entries: 2048 (order: 3, 32768 bytes, linear)
[    0.739824] TCP established hash table entries: 32768 (order: 6, 262144 bytes, linear)
[    0.739824] TCP bind hash table entries: 32768 (order: 7, 524288 bytes, linear)
[    0.739824] TCP: Hash tables configured (established 32768 bind 32768)
[    0.740928] UDP hash table entries: 2048 (order: 4, 65536 bytes, linear)
[    0.741200] UDP-Lite hash table entries: 2048 (order: 4, 65536 bytes, linear)
[    0.741507] NET: Registered PF_UNIX/PF_LOCAL protocol family
[    0.741826] RPC: Registered named UNIX socket transport module.
[    0.742112] RPC: Registered udp transport module.
[    0.742318] RPC: Registered tcp transport module.
[    0.742523] RPC: Registered tcp NFSv4.1 backchannel transport module.
[    0.745033] pci_bus 0000:00: resource 4 [io  0x0000-0x0cf7 window]
[    0.745467] pci_bus 0000:00: resource 5 [io  0x0d00-0xffff window]
[    0.745717] pci_bus 0000:00: resource 6 [mem 0x000a0000-0x000bffff window]
[    0.746017] pci_bus 0000:00: resource 7 [mem 0xe0000000-0xfdffffff window]
[    0.746338] pci 0000:00:00.0: Limiting direct PCI/PCI transfers
[    0.746597] pci 0000:00:01.0: Activating ISA DMA hang workarounds
[    0.748159] PCI: CLS 0 bytes, default 64
[    0.748393] PCI-DMA: Using software bounce buffering for IO (SWIOTLB)
[    0.748394] software IO TLB: mapped [mem 0x00000000dbff0000-0x00000000dfff0000] (64MB)
[    0.748394] RAPL PMU: API unit is 2^-32 Joules, 0 fixed counters, 10737418240 ms ovfl timer
[    0.748394] clocksource: tsc: mask: 0xffffffffffffffff max_cycles: 0x26eb3cc21a9, max_idle_ns: 440795299783 ns
[    0.750178] clocksource: Switched to clocksource tsc
[    0.750430] platform rtc_cmos: registered platform RTC device (no PNP device found)
[    0.754913] Initialise system trusted keyrings
[    0.755174] workingset: timestamp_bits=56 max_order=20 bucket_order=0
[    0.757050] NFS: Registering the id_resolver key type
[    0.757492] Key type id_resolver registered
[    0.757797] Key type id_legacy registered
[    0.758056] 9p: Installing v9fs 9p2000 file system support
[    0.767866] Key type asymmetric registered
[    0.768106] Asymmetric key parser 'x509' registered
[    0.768760] Block layer SCSI generic (bsg) driver version 0.4 loaded (major 251)
[    0.769252] io scheduler mq-deadline registered
[    0.769566] io scheduler kyber registered
[    0.771583] ACPI: AC: AC Adapter [AC] (on-line)
[    0.772253] input: Power Button as /devices/LNXSYSTM:00/LNXPWRBN:00/input/input0
[    0.772991] ACPI: button: Power Button [PWRF]
[    0.773620] input: Sleep Button as /devices/LNXSYSTM:00/LNXSLPBN:00/input/input1
[    0.774271] ACPI: button: Sleep Button [SLPF]
[    0.774745] ACPI: video: Video Device [GFX0] (multi-head: yes  rom: no  post: no)
[    0.775286] input: Video Bus as /devices/LNXSYSTM:00/LNXSYBUS:00/PNP0A03:00/LNXVIDEO:00/input/input2
[    0.777945] ACPI: battery: Slot [BAT0] (battery present)
[    0.778303] Serial: 8250/16550 driver, 4 ports, IRQ sharing enabled
[    0.778832] Non-volatile memory driver v1.3
[    0.779031] Linux agpgart interface v0.103
[    0.779327] ACPI: bus type drm_connector registered
[    0.779637] loop: module loaded
[    0.779637] ahci 0000:00:0d.0: version 3.0
[    0.781226] ahci 0000:00:0d.0: SSS flag set, parallel bus scan disabled
[    0.781737] ahci 0000:00:0d.0: AHCI 0001.0100 32 slots 3 ports 3 Gbps 0x7 impl SATA mode
[    0.782077] ahci 0000:00:0d.0: flags: 64bit ncq stag only ccc 
[    0.785338] scsi host0: ahci
[    0.785600] scsi host1: ahci
[    0.785823] scsi host2: ahci
[    0.786109] ata1: SATA max UDMA/133 abar m8192@0xf0806000 port 0xf0806100 irq 21
[    0.786433] ata2: SATA max UDMA/133 abar m8192@0xf0806000 port 0xf0806180 irq 21
[    0.786755] ata3: SATA max UDMA/133 abar m8192@0xf0806000 port 0xf0806200 irq 21
[    0.787279] ata_piix 0000:00:01.1: version 2.13
[    0.787707] scsi host3: ata_piix
[    0.787949] scsi host4: ata_piix
[    0.788346] ata4: PATA max UDMA/33 cmd 0x1f0 ctl 0x3f6 bmdma 0xd000 irq 14
[    0.789684] ata5: PATA max UDMA/33 cmd 0x170 ctl 0x376 bmdma 0xd008 irq 15
[    0.797358] e100: Intel(R) PRO/100 Network Driver
[    0.797658] e100: Copyright(c) 1999-2006 Intel Corporation
[    0.797997] e1000: Intel(R) PRO/1000 Network Driver
[    0.798060] e1000: Copyright (c) 1999-2006 Intel Corporation.
[    0.972763] ata5.00: ATAPI: VBOX CD-ROM, 1.0, max UDMA/133
[    1.124634] ata1: SATA link up 3.0 Gbps (SStatus 123 SControl 300)
[    1.125189] ata1.00: ATA-6: VBOX HARDDISK, 1.0, max UDMA/133
[    1.135527] ata1.00: 31457280 sectors, multi 128: LBA48 NCQ (depth 32)
[    1.157820] ata1.00: configured for UDMA/133
[    1.158266] scsi 0:0:0:0: Direct-Access     ATA      VBOX HARDDISK    1.0  PQ: 0 ANSI: 5
[    1.160009] scsi 0:0:0:0: Attached scsi generic sg0 type 0
[    1.160687] sd 0:0:0:0: [sda] 31457280 512-byte logical blocks: (16.1 GB/15.0 GiB)
[    1.161306] sd 0:0:0:0: [sda] Write Protect is off
[    1.161550] sd 0:0:0:0: [sda] Mode Sense: 00 3a 00 00
[    1.161550] sd 0:0:0:0: [sda] Write cache: enabled, read cache: enabled, doesn't support DPO or FUA
[    1.187009]  sda: sda1 sda2 sda3
[    1.189118] sd 0:0:0:0: [sda] Attached SCSI disk
[    1.470418] e1000 0000:00:03.0 eth0: (PCI:33MHz:32-bit) 08:00:27:ea:c8:43
[    1.470418] e1000 0000:00:03.0 eth0: Intel(R) PRO/1000 Network Connection
[    1.470418] e1000e: Intel(R) PRO/1000 Network Driver
[    1.470418] e1000e: Copyright(c) 1999 - 2015 Intel Corporation.
[    1.470418] sky2: driver version 1.30
[    1.470418] ehci_hcd: USB 2.0 'Enhanced' Host Controller (EHCI) Driver
[    1.470418] ehci-pci: EHCI PCI platform driver
[    1.470418] ohci_hcd: USB 1.1 'Open' Host Controller (OHCI) Driver
[    1.470418] ohci-pci: OHCI PCI platform driver
[    1.475304] ohci-pci 0000:00:06.0: OHCI PCI host controller
[    1.475339] ohci-pci 0000:00:06.0: new USB bus registered, assigned bus number 1
[    1.481184] ohci-pci 0000:00:06.0: irq 22, io mem 0xf0804000
[    1.486269] ata2: SATA link down (SStatus 0 SControl 300)
[    1.538503] usb usb1: New USB device found, idVendor=1d6b, idProduct=0001, bcdDevice= 5.18
[    1.539281] usb usb1: New USB device strings: Mfr=3, Product=2, SerialNumber=1
[    1.542708] usb usb1: Product: OHCI PCI host controller
[    1.543263] usb usb1: Manufacturer: Linux 5.18.0-thor_kernel ohci_hcd
[    1.547035] usb usb1: SerialNumber: 0000:00:06.0
[    1.548044] hub 1-0:1.0: USB hub found
[    1.548476] hub 1-0:1.0: 12 ports detected
[    1.552562] uhci_hcd: USB Universal Host Controller Interface driver
[    1.553027] usbcore: registered new interface driver usblp
[    1.553383] usbcore: registered new interface driver usb-storage
[    1.553413] i8042: PNP: PS/2 Controller [PNP0303:PS2K,PNP0f03:PS2M] at 0x60,0x64 irq 1,12
[    1.557410] serio: i8042 KBD port at 0x60,0x64 irq 1
[    1.557752] serio: i8042 AUX port at 0x60,0x64 irq 12
[    1.558681] input: AT Translated Set 2 keyboard as /devices/platform/i8042/serio0/input/input3
[    1.568038] rtc_cmos rtc_cmos: registered as rtc0
[    1.568344] rtc_cmos rtc_cmos: alarms up to one day, 114 bytes nvram
[    1.568344] fail to initialize ptp_kvm
[    1.568344] device-mapper: ioctl: 4.46.0-ioctl (2022-02-22) initialised: dm-devel@redhat.com
[    1.568344] intel_pstate: CPU model not supported
[    1.568344] hid: raw HID events driver (C) Jiri Kosina
[    1.572448] usbcore: registered new interface driver usbhid
[    1.572793] usbhid: USB HID core driver
[    1.600117] Initializing XFRM netlink socket
[    1.600857] NET: Registered PF_INET6 protocol family
[    1.601530] Segment Routing with IPv6
[    1.601698] In-situ OAM (IOAM) with IPv6
[    1.601698] sit: IPv6, IPv4 and MPLS over IPv4 tunneling driver
[    1.601698] NET: Registered PF_PACKET protocol family
[    1.604695] 9pnet: Installing 9P2000 support
[    1.605014] Key type dns_resolver registered
[    1.605443] IPI shorthand broadcast: enabled
[    1.607213] sched_clock: Marking stable (1570408968, 36745754)->(1642923358, -35768636)
[    1.614853] registered taskstats version 1
[    1.615246] Loading compiled-in X.509 certificates
[    1.615809] cryptomgr_test (52) used greatest stack depth: 15368 bytes left
[    1.620900] PM:   Magic number: 6:45:23
[    1.621331] printk: console [netcon0] enabled
[    1.621654] netconsole: network logging started
[    1.622102] cfg80211: Loading compiled-in X.509 certificates for regulatory database
[    1.622848] kworker/u2:2 (74) used greatest stack depth: 14736 bytes left
[    1.627914] cfg80211: Loaded X.509 cert 'sforshee: 00b28ddf47aef9cea7'
[    1.628794] platform regulatory.0: Direct firmware load for regulatory.db failed with error -2
[    1.629330] cfg80211: failed to load regulatory.db
[    1.629671] ALSA device list:
[    1.629919]   No soundcards found.
[    1.772841] input: ImExPS/2 Generic Explorer Mouse as /devices/platform/i8042/serio1/input/input5
[    1.795106] ata3: SATA link down (SStatus 0 SControl 300)
[    1.802973] scsi 4:0:0:0: CD-ROM            VBOX     CD-ROM           1.0  PQ: 0 ANSI: 5
[    1.821496] sr 4:0:0:0: [sr0] scsi3-mmc drive: 32x/32x xa/form2 tray
[    1.821868] cdrom: Uniform CD-ROM driver Revision: 3.20
[    1.842277] sr 4:0:0:0: Attached scsi CD-ROM sr0
[    1.842343] sr 4:0:0:0: Attached scsi generic sg1 type 5
[    1.842930] md: Waiting for all devices to be available before autodetect
[    1.843363] md: If you don't use raid, use raid=noautodetect
[    1.844737] md: Autodetecting RAID arrays.
[    1.845020] md: autorun ...
[    1.845242] md: ... autorun DONE.
[    1.853329] EXT4-fs (sda1): INFO: recovery required on readonly filesystem
[    1.853749] EXT4-fs (sda1): write access will be enabled during recovery
[    1.858444] usb 1-1: new full-speed USB device number 2 using ohci-pci
[    1.880486] random: fast init done
[    1.987496] EXT4-fs (sda1): recovery complete
[    1.989158] EXT4-fs (sda1): mounted filesystem with ordered data mode. Quota mode: none.
[    1.989679] VFS: Mounted root (ext4 filesystem) readonly on device 8:1.
[    1.991723] devtmpfs: mounted
[    1.993744] Freeing unused kernel image (initmem) memory: 1276K
[    1.994808] Write protecting the kernel read-only data: 24576k
[    1.997575] Freeing unused kernel image (text/rodata gap) memory: 2032K
[    2.002037] Freeing unused kernel image (rodata/data gap) memory: 1060K
[    2.002331] Run /sbin/init as init process
[    2.002528]   with arguments:
[    2.002529]     /sbin/init
[    2.002529]   with environment:
[    2.002530]     HOME=/
[    2.002530]     TERM=linux
[    2.002531]     BOOT_IMAGE=/vmlinuz-5.18-rc7
[    2.083024] stty (84) used greatest stack depth: 13680 bytes left
[    2.106512] dmesg (85) used greatest stack depth: 13632 bytes left
[    2.138217] usb 1-1: New USB device found, idVendor=80ee, idProduct=0021, bcdDevice= 1.00
[    2.138727] usb 1-1: New USB device strings: Mfr=1, Product=3, SerialNumber=0
[    2.139168] usb 1-1: Product: USB Tablet
[    2.139443] usb 1-1: Manufacturer: VirtualBox
[    2.152409] input: VirtualBox USB Tablet as /devices/pci0000:00/0000:00:06.0/usb1/1-1/1-1:1.0/0003:80EE:0021.0001/input/input6
[    2.159095] hid-generic 0003:80EE:0021.0001: input,hidraw0: USB HID v1.10 Mouse [VirtualBox USB Tablet] on usb-0000:00:06.0-1/input0
[    2.300531] ip (136) used greatest stack depth: 12336 bytes left
[    2.368239] udevd[161]: starting version 3.2.11
[    2.970356] random: crng init done
[    2.983155] udevd[162]: starting eudev-3.2.11
[    3.796758] Adding 204796k swap on /dev/sda2.  Priority:1 extents:1 across:204796k 
[    3.810380] EXT4-fs (sda1): re-mounted. Quota mode: none.
[    3.850597] EXT4-fs (sda1): re-mounted. Quota mode: none.
[    3.890228] EXT4-fs (sda3): recovery complete
[    3.891039] EXT4-fs (sda3): mounted filesystem with ordered data mode. Quota mode: none.
[    5.446695] e1000: eth0 NIC Link is Up 1000 Mbps Full Duplex, Flow Control: RX
[    5.459205] IPv6: ADDRCONF(NETDEV_CHANGE): eth0: link becomes ready
[  394.797900] main: version magic '5.16.9-rbourgea SMP preempt mod_unload ' should be '5.18.0-thor_kernel SMP preempt mod_unload '
[  452.014524] main: loading out-of-tree module taints kernel.
[  452.014888] Hello, World !
[  478.662384] Cleaning up module.
[  612.194539] usb 1-2: new full-speed USB device number 3 using ohci-pci
[  612.464731] usb 1-2: config 1 interface 0 altsetting 0 endpoint 0x2 has invalid maxpacket 512, setting to 64
[  612.465157] usb 1-2: config 1 interface 0 altsetting 0 endpoint 0x82 has invalid maxpacket 512, setting to 64
[  612.485208] usb 1-2: New USB device found, idVendor=8003, idProduct=2aab, bcdDevice= 1.00
[  612.486652] usb 1-2: New USB device strings: Mfr=1, Product=2, SerialNumber=3
[  612.487056] usb 1-2: Product: iBRIDGE
[  612.487320] usb 1-2: Manufacturer: Leef
[  612.488006] usb 1-2: SerialNumber: 1230000000000628
[  612.513342] usb-storage 1-2:1.0: USB Mass Storage device detected
[  612.515130] scsi host5: usb-storage 1-2:1.0
[  613.548091] scsi 5:0:0:0: Direct-Access     Leef     iBRIDGE          1.00 PQ: 0 ANSI: 2
[  613.548662] sd 5:0:0:0: Attached scsi generic sg2 type 0
[  613.566675] sd 5:0:0:0: [sdb] 123478016 512-byte logical blocks: (63.2 GB/58.9 GiB)
[  613.577133] sd 5:0:0:0: [sdb] Write Protect is off
[  613.577381] sd 5:0:0:0: [sdb] Mode Sense: 03 00 00 00
[  613.587438] sd 5:0:0:0: [sdb] No Caching mode page found
[  613.587676] sd 5:0:0:0: [sdb] Assuming drive cache: write through
[  613.659914]  sdb: sdb1
[  613.747964] sd 5:0:0:0: [sdb] Attached SCSI removable disk
